Copyright 1986-2022 Xilinx, Inc. All Rights Reserved. Copyright 2022-2023 Advanced Micro Devices, Inc. All Rights Reserved.
--------------------------------------------------------------------------------------------------------------------------------------------------
| Tool Version      : Vivado v.2023.2 (lin64) Build 4029153 Fri Oct 13 20:13:54 MDT 2023
| Date              : Sat Sep 19 04:02:48 2026
| Host              : AlbertsUbuntu running 64-bit Ubuntu 22.04.5 LTS
| Command           : report_exceptions -coverage -file /tmp/hilo-v3-qual.sYGBtT/current/build/ooc/post_route_exceptions.rpt
| Design            : PRE_TRIGGER
| Device            : xcku5p-ffvb676
| Speed File        : -2  PRODUCTION 1.29 05-01-2022
| Design State      : Routed
| Temperature Grade : E
--------------------------------------------------------------------------------------------------------------------------------------------------

Exceptions Report

Position  Type        Setup  Hold   From       Through  To  Endpoints  From (%)  Through (%)  To (%)
--------  ----------  -----  -----  ---------  -------  --  ---------  --------  -----------  ------
3         False Path  -      false  801 ports               290        100.00                  
5         False Path  false  false  1 ports                 225        100.00                  

