Copyright 1986-2022 Xilinx, Inc. All Rights Reserved. Copyright 2022-2023 Advanced Micro Devices, Inc. All Rights Reserved.
--------------------------------------------------------------------------------------------------------------------------------------------------
| Tool Version      : Vivado v.2023.2 (lin64) Build 4029153 Fri Oct 13 20:13:54 MDT 2023
| Date              : Sat Sep 19 04:02:48 2026
| Host              : AlbertsUbuntu running 64-bit Ubuntu 22.04.5 LTS
| Command           : report_timing_summary -return_string
| Design            : PRE_TRIGGER
| Device            : xcku5p-ffvb676
| Speed File        : -2  PRODUCTION 1.29 05-01-2022
| Design State      : Routed
| Temperature Grade : E
--------------------------------------------------------------------------------------------------------------------------------------------------

Timing Summary Report

------------------------------------------------------------------------------------------------
| Timer Settings
| --------------
------------------------------------------------------------------------------------------------

  Enable Multi Corner Analysis               :  Yes
  Enable Pessimism Removal                   :  Yes
  Pessimism Removal Resolution               :  Nearest Common Node
  Enable Input Delay Default Clock           :  No
  Enable Preset / Clear Arcs                 :  No
  Disable Flight Delays                      :  No
  Ignore I/O Paths                           :  No
  Timing Early Launch at Borrowing Latches   :  No
  Borrow Time for Max Delay Exceptions       :  Yes
  Merge Timing Exceptions                    :  Yes
  Inter-SLR Compensation                     :  Conservative

  Corner  Analyze    Analyze    
  Name    Max Paths  Min Paths  
  ------  ---------  ---------  
  Slow    Yes        Yes        
  Fast    Yes        Yes        


------------------------------------------------------------------------------------------------
| Report Methodology
| ------------------
------------------------------------------------------------------------------------------------

No report available as report_methodology has not been run prior. Run report_methodology on the current design for the summary of methodology violations.



check_timing report

Table of Contents
-----------------
1. checking no_clock (0)
2. checking constant_clock (0)
3. checking pulse_width_clock (0)
4. checking unconstrained_internal_endpoints (0)
5. checking no_input_delay (1)
6. checking no_output_delay (0)
7. checking multiple_clock (0)
8. checking generated_clocks (0)
9. checking loops (0)
10. checking partial_input_delay (0)
11. checking partial_output_delay (0)
12. checking latch_loops (0)

1. checking no_clock (0)
------------------------
 There are 0 register/latch pins with no clock.


2. checking constant_clock (0)
------------------------------
 There are 0 register/latch pins with constant_clock.


3. checking pulse_width_clock (0)
---------------------------------
 There are 0 register/latch pins which need pulse_width check


4. checking unconstrained_internal_endpoints (0)
------------------------------------------------
 There are 0 pins that are not constrained for maximum delay.

 There are 0 pins that are not constrained for maximum delay due to constant clock.


5. checking no_input_delay (1)
------------------------------
 There are 0 input ports with no input delay specified.

 There is 1 input port with no input delay but user has a false path constraint. (MEDIUM)


6. checking no_output_delay (0)
-------------------------------
 There are 0 ports with no output delay specified.

 There are 0 ports with no output delay but user has a false path constraint

 There are 0 ports with no output delay but with a timing clock defined on it or propagating through it


7. checking multiple_clock (0)
------------------------------
 There are 0 register/latch pins with multiple clocks.


8. checking generated_clocks (0)
--------------------------------
 There are 0 generated clocks that are not connected to a clock source.


9. checking loops (0)
---------------------
 There are 0 combinational loops in the design.


10. checking partial_input_delay (0)
------------------------------------
 There are 0 input ports with partial input delay specified.


11. checking partial_output_delay (0)
-------------------------------------
 There are 0 ports with partial output delay specified.


12. checking latch_loops (0)
----------------------------
 There are 0 combinational latch loops in the design through latch input



------------------------------------------------------------------------------------------------
| Design Timing Summary
| ---------------------
------------------------------------------------------------------------------------------------

    WNS(ns)      TNS(ns)  TNS Failing Endpoints  TNS Total Endpoints      WHS(ns)      THS(ns)  THS Failing Endpoints  THS Total Endpoints     WPWS(ns)     TPWS(ns)  TPWS Failing Endpoints  TPWS Total Endpoints  
    -------      -------  ---------------------  -------------------      -------      -------  ---------------------  -------------------     --------     --------  ----------------------  --------------------  
      1.114        0.000                      0                  322        0.047        0.000                      0                  257        1.725        0.000                       0                   225  


All user specified timing constraints are met.


------------------------------------------------------------------------------------------------
| Clock Summary
| -------------
------------------------------------------------------------------------------------------------

Clock  Waveform(ns)         Period(ns)      Frequency(MHz)
-----  ------------         ----------      --------------
CLK    {0.000 2.000}        4.000           250.000         


------------------------------------------------------------------------------------------------
| Intra Clock Table
| -----------------
------------------------------------------------------------------------------------------------

Clock             WNS(ns)      TNS(ns)  TNS Failing Endpoints  TNS Total Endpoints      WHS(ns)      THS(ns)  THS Failing Endpoints  THS Total Endpoints     WPWS(ns)     TPWS(ns)  TPWS Failing Endpoints  TPWS Total Endpoints  
-----             -------      -------  ---------------------  -------------------      -------      -------  ---------------------  -------------------     --------     --------  ----------------------  --------------------  
CLK                 1.114        0.000                      0                  322        0.047        0.000                      0                  257        1.725        0.000                       0                   225  


------------------------------------------------------------------------------------------------
| Inter Clock Table
| -----------------
------------------------------------------------------------------------------------------------

From Clock    To Clock          WNS(ns)      TNS(ns)  TNS Failing Endpoints  TNS Total Endpoints      WHS(ns)      THS(ns)  THS Failing Endpoints  THS Total Endpoints  
----------    --------          -------      -------  ---------------------  -------------------      -------      -------  ---------------------  -------------------  


------------------------------------------------------------------------------------------------
| Other Path Groups Table
| -----------------------
------------------------------------------------------------------------------------------------

Path Group    From Clock    To Clock          WNS(ns)      TNS(ns)  TNS Failing Endpoints  TNS Total Endpoints      WHS(ns)      THS(ns)  THS Failing Endpoints  THS Total Endpoints  
----------    ----------    --------          -------      -------  ---------------------  -------------------      -------      -------  ---------------------  -------------------  


------------------------------------------------------------------------------------------------
| Timing Details
| --------------
------------------------------------------------------------------------------------------------


---------------------------------------------------------------------------------------------------
From Clock:  CLK
  To Clock:  CLK

Setup :            0  Failing Endpoints,  Worst Slack        1.114ns,  Total Violation        0.000ns
Hold  :            0  Failing Endpoints,  Worst Slack        0.047ns,  Total Violation        0.000ns
PW    :            0  Failing Endpoints,  Worst Slack        1.725ns,  Total Violation        0.000ns
---------------------------------------------------------------------------------------------------


Max Delay Paths
--------------------------------------------------------------------------------------
Slack (MET) :             1.114ns  (required time - arrival time)
  Source:                 THRESH[4]
                            (input port clocked by CLK  {rise@0.000ns fall@2.000ns period=4.000ns})
  Destination:            chan_gen[0].U_CH/carry_count_lo_d_reg[7]/D
                            (rising edge-triggered cell FDCE clocked by CLK  {rise@0.000ns fall@2.000ns period=4.000ns})
  Path Group:             CLK
  Path Type:              Setup (Max at Slow Process Corner)
  Requirement:            4.000ns  (CLK rise@4.000ns - CLK rise@0.000ns)
  Data Path Delay:        2.897ns  (logic 1.066ns (36.796%)  route 1.831ns (63.204%))
  Logic Levels:           9  (CARRY8=1 LUT4=2 LUT5=2 LUT6=4)
  Input Delay:            0.000ns
  Clock Path Skew:        0.021ns (DCD - SCD + CPR)
    Destination Clock Delay (DCD):    0.021ns = ( 4.021 - 4.000 ) 
    Source Clock Delay      (SCD):    0.000ns
    Clock Pessimism Removal (CPR):    0.000ns
  Clock Uncertainty:      0.035ns  ((TSJ^2 + TIJ^2)^1/2 + DJ) / 2 + PE
    Total System Jitter     (TSJ):    0.071ns
    Total Input Jitter      (TIJ):    0.000ns
    Discrete Jitter          (DJ):    0.000ns
    Phase Error              (PE):    0.000ns

    Location             Delay type                Incr(ns)  Path(ns)    Netlist Resource(s)
  -------------------------------------------------------------------    -------------------
                         (clock CLK rise edge)        0.000     0.000 r  
                         input delay                  0.000     0.000    
                                                      0.000     0.000 f  THRESH[4] (IN)
                         net (fo=139, unset)          0.000     0.000    chan_gen[0].U_CH/THRESH[4]
    SLICE_X48Y119        LUT6 (Prop_C6LUT_SLICEL_I0_O)
                                                      0.146     0.146 r  chan_gen[0].U_CH/GATE[1]_i_24/O
                         net (fo=36, routed)          0.147     0.293    chan_gen[0].U_CH/GATE[1]_i_24_n_0
    SLICE_X48Y119        LUT5 (Prop_D5LUT_SLICEL_I3_O)
                                                      0.110     0.403 r  chan_gen[0].U_CH/GATE[1]_i_22/O
                         net (fo=32, routed)          0.433     0.836    chan_gen[0].U_CH/GATE[1]_i_22_n_0
    SLICE_X47Y117        LUT4 (Prop_E6LUT_SLICEL_I0_O)
                                                      0.147     0.983 r  chan_gen[0].U_CH/GATE[11]_i_21/O
                         net (fo=1, routed)           0.007     0.990    chan_gen[0].U_CH/GATE[11]_i_21_n_0
    SLICE_X47Y117        CARRY8 (Prop_CARRY8_SLICEL_S[4]_CO[5])
                                                      0.099     1.089 f  chan_gen[0].U_CH/GATE_reg[11]_i_5/CO[5]
                         net (fo=15, routed)          0.474     1.563    chan_gen[0].U_CH/p_7_out[9]
    SLICE_X48Y123        LUT4 (Prop_B5LUT_SLICEL_I3_O)
                                                      0.104     1.667 r  chan_gen[0].U_CH/carry_count_lo_d[7]_i_10/O
                         net (fo=2, routed)           0.112     1.779    chan_gen[0].U_CH/carry_count_lo_d[7]_i_10_n_0
    SLICE_X48Y122        LUT5 (Prop_C6LUT_SLICEL_I1_O)
                                                      0.088     1.867 r  chan_gen[0].U_CH/carry_count_lo_d[2]_i_5/O
                         net (fo=3, routed)           0.205     2.073    chan_gen[0].U_CH/carry_count_lo_d[2]_i_5_n_0
    SLICE_X49Y122        LUT6 (Prop_E6LUT_SLICEM_I4_O)
                                                      0.124     2.197 f  chan_gen[0].U_CH/carry_count_lo_d[7]_i_8/O
                         net (fo=4, routed)           0.155     2.351    chan_gen[0].U_CH/carry_count_lo_d[7]_i_8_n_0
    SLICE_X49Y122        LUT6 (Prop_G6LUT_SLICEM_I5_O)
                                                      0.123     2.474 r  chan_gen[0].U_CH/carry_count_lo_d[7]_i_3/O
                         net (fo=3, routed)           0.239     2.713    chan_gen[0].U_CH/carry_count_lo_d[7]_i_3_n_0
    SLICE_X50Y123        LUT6 (Prop_B6LUT_SLICEM_I2_O)
                                                      0.125     2.838 r  chan_gen[0].U_CH/carry_count_lo_d[7]_i_1/O
                         net (fo=1, routed)           0.059     2.897    chan_gen[0].U_CH/carry_count_lo_d[7]_i_1_n_0
    SLICE_X50Y123        FDCE                                         r  chan_gen[0].U_CH/carry_count_lo_d_reg[7]/D
  -------------------------------------------------------------------    -------------------

                         (clock CLK rise edge)        4.000     4.000 r  
                                                      0.000     4.000 r  CLK (IN)
                         net (fo=224, unset)          0.021     4.021    chan_gen[0].U_CH/CLK
    SLICE_X50Y123        FDCE                                         r  chan_gen[0].U_CH/carry_count_lo_d_reg[7]/C
                         clock pessimism              0.000     4.021    
                         clock uncertainty           -0.035     3.986    
    SLICE_X50Y123        FDCE (Setup_BFF_SLICEM_C_D)
                                                      0.025     4.011    chan_gen[0].U_CH/carry_count_lo_d_reg[7]
  -------------------------------------------------------------------
                         required time                          4.011    
                         arrival time                          -2.897    
  -------------------------------------------------------------------
                         slack                                  1.114    





Min Delay Paths
--------------------------------------------------------------------------------------
Slack (MET) :             0.047ns  (arrival time - required time)
  Source:                 chan_gen[2].U_CH/carry_count_hi_d_reg[1]/C
                            (rising edge-triggered cell FDCE clocked by CLK  {rise@0.000ns fall@2.000ns period=4.000ns})
  Destination:            chan_gen[2].U_CH/carry_count_hi_d_reg[1]/D
                            (rising edge-triggered cell FDCE clocked by CLK  {rise@0.000ns fall@2.000ns period=4.000ns})
  Path Group:             CLK
  Path Type:              Hold (Min at Fast Process Corner)
  Requirement:            0.000ns  (CLK rise@0.000ns - CLK rise@0.000ns)
  Data Path Delay:        0.099ns  (logic 0.054ns (54.345%)  route 0.045ns (45.655%))
  Logic Levels:           1  (LUT6=1)
  Clock Path Skew:        0.006ns (DCD - SCD - CPR)
    Destination Clock Delay (DCD):    0.018ns
    Source Clock Delay      (SCD):    0.012ns
    Clock Pessimism Removal (CPR):    -0.000ns

    Location             Delay type                Incr(ns)  Path(ns)    Netlist Resource(s)
  -------------------------------------------------------------------    -------------------
                         (clock CLK rise edge)        0.000     0.000 r  
                                                      0.000     0.000 r  CLK (IN)
                         net (fo=224, unset)          0.012     0.012    chan_gen[2].U_CH/CLK
    SLICE_X38Y129        FDCE                                         r  chan_gen[2].U_CH/carry_count_hi_d_reg[1]/C
  -------------------------------------------------------------------    -------------------
    SLICE_X38Y129        FDCE (Prop_BFF_SLICEL_C_Q)
                                                      0.039     0.051 r  chan_gen[2].U_CH/carry_count_hi_d_reg[1]/Q
                         net (fo=12, routed)          0.030     0.081    chan_gen[2].U_CH/carry_count_hi_d[1]
    SLICE_X38Y129        LUT6 (Prop_B6LUT_SLICEL_I4_O)
                                                      0.015     0.096 r  chan_gen[2].U_CH/carry_count_hi_d[1]_i_1/O
                         net (fo=1, routed)           0.015     0.111    chan_gen[2].U_CH/carry_count_hi_d[1]_i_1_n_0
    SLICE_X38Y129        FDCE                                         r  chan_gen[2].U_CH/carry_count_hi_d_reg[1]/D
  -------------------------------------------------------------------    -------------------

                         (clock CLK rise edge)        0.000     0.000 r  
                                                      0.000     0.000 r  CLK (IN)
                         net (fo=224, unset)          0.018     0.018    chan_gen[2].U_CH/CLK
    SLICE_X38Y129        FDCE                                         r  chan_gen[2].U_CH/carry_count_hi_d_reg[1]/C
                         clock pessimism              0.000     0.018    
    SLICE_X38Y129        FDCE (Hold_BFF_SLICEL_C_D)
                                                      0.046     0.064    chan_gen[2].U_CH/carry_count_hi_d_reg[1]
  -------------------------------------------------------------------
                         required time                         -0.064    
                         arrival time                           0.111    
  -------------------------------------------------------------------
                         slack                                  0.047    





Pulse Width Checks
--------------------------------------------------------------------------------------
Clock Name:         CLK
Waveform(ns):       { 0.000 2.000 }
Period(ns):         4.000
Sources:            { CLK }

Check Type        Corner  Lib Pin  Reference Pin  Required(ns)  Actual(ns)  Slack(ns)  Location       Pin
Min Period        n/a     FDCE/C   n/a            0.550         4.000       3.450      SLICE_X48Y129  coinc4_reg[0][0]/C
Low Pulse Width   Slow    FDCE/C   n/a            0.275         2.000       1.725      SLICE_X48Y129  coinc4_reg[0][0]/C
High Pulse Width  Slow    FDCE/C   n/a            0.275         2.000       1.725      SLICE_X48Y129  coinc4_reg[0][0]/C




